pio test -e native
Verbosity level can be increased via `-v, -vv, or -vvv` option
Collected 1 tests

Processing test_host in native environment
--------------------------------------------------------------------------------
Building...
Testing...
test/test_host/test_main.c:521: test_sha256_empty_string	[PASSED]
test/test_host/test_main.c:522: test_sha256_abc	[PASSED]
test/test_host/test_main.c:523: test_sha256_two_blocks	[PASSED]
test/test_host/test_main.c:524: test_sha256d_known	[PASSED]
test/test_host/test_main.c:525: test_sha256_midstate	[PASSED]
test/test_host/test_main.c:526: test_sha256_genesis_header	[PASSED]
test/test_host/test_main.c:527: test_sha256_transform_words	[PASSED]
test/test_host/test_main.c:528: test_sha256_transform_performance	[PASSED]
test/test_host/test_main.c:531: test_hex_to_bytes	[PASSED]
test/test_host/test_main.c:532: test_bytes_to_hex	[PASSED]
test/test_host/test_main.c:533: test_hex_roundtrip	[PASSED]
test/test_host/test_main.c:534: test_serialize_header_genesis	[PASSED]
test/test_host/test_main.c:535: test_set_header_nonce	[PASSED]
test/test_host/test_main.c:536: test_nbits_to_target_genesis	[PASSED]
test/test_host/test_main.c:537: test_nbits_to_target_high_diff	[PASSED]
test/test_host/test_main.c:538: test_meets_target_pass	[PASSED]
test/test_host/test_main.c:539: test_meets_target_fail	[PASSED]
test/test_host/test_main.c:540: test_meets_target_equal	[PASSED]
test/test_host/test_main.c:541: test_build_coinbase_hash	[PASSED]
test/test_host/test_main.c:542: test_build_merkle_root_no_branches	[PASSED]
test/test_host/test_main.c:543: test_build_merkle_root_with_branches	[PASSED]
test/test_host/test_main.c:544: test_decode_stratum_prevhash	[PASSED]
test/test_host/test_main.c:547: test_block1_full_pipeline	[PASSED]
test/test_host/test_main.c:548: test_block170_merkle_and_hash	[PASSED]
test/test_host/test_main.c:549: test_decode_stratum_prevhash_real	[PASSED]
test/test_host/test_main.c:550: test_stratum_pipeline_block1	[PASSED]
test/test_host/test_main.c:551: test_difficulty_to_target_diff1	[PASSED]
test/test_host/test_main.c:552: test_difficulty_to_target_easy	[PASSED]
test/test_host/test_main.c:553: test_difficulty_to_target_hard	[PASSED]
test/test_host/test_main.c:554: test_mining_round_trip_block1	[PASSED]
test/test_host/test_main.c:555: test_mining_early_reject_byte_order	[PASSED]
test/test_host/test_main.c:556: test_difficulty_target_meets_target_integration	[PASSED]
test/test_host/test_main.c:557: test_version_rolling_mask_increment	[PASSED]
test/test_host/test_main.c:560: test_nv_config_init	[PASSED]
test/test_host/test_main.c:561: test_nv_config_all_empty_before_provisioning	[PASSED]
test/test_host/test_main.c:562: test_nv_config_not_provisioned_by_default	[PASSED]
test/test_host/test_main.c:565: test_valid_hostname_single_char	[PASSED]
test/test_host/test_main.c:566: test_valid_hostname_lowercase_digits_hyphen	[PASSED]
test/test_host/test_main.c:567: test_valid_hostname_mixed	[PASSED]
test/test_host/test_main.c:568: test_valid_hostname_max_length	[PASSED]
test/test_host/test_main.c:569: test_invalid_hostname_empty	[PASSED]
test/test_host/test_main.c:570: test_invalid_hostname_leading_hyphen	[PASSED]
test/test_host/test_main.c:571: test_invalid_hostname_trailing_hyphen	[PASSED]
test/test_host/test_main.c:572: test_invalid_hostname_uppercase	[PASSED]
test/test_host/test_main.c:573: test_invalid_hostname_underscore	[PASSED]
test/test_host/test_main.c:574: test_invalid_hostname_dot	[PASSED]
test/test_host/test_main.c:575: test_invalid_hostname_too_long	[PASSED]
test/test_host/test_main.c:576: test_hostname_persists_after_set	[PASSED]
test/test_host/test_main.c:579: test_register_manifest_returns_ok	[PASSED]
test/test_host/test_main.c:580: test_register_manifest_registers_six_keys	[PASSED]
test/test_host/test_main.c:581: test_register_manifest_idempotent_via_clear	[PASSED]
test/test_host/test_main.c:584: test_crc5_chain_inactive	[PASSED]
test/test_host/test_main.c:585: test_crc5_reg_write_a8	[PASSED]
test/test_host/test_main.c:586: test_crc5_reg_write_3c	[PASSED]
test/test_host/test_main.c:587: test_crc5_set_address	[PASSED]
test/test_host/test_main.c:588: test_crc16_false_standard	[PASSED]
test/test_host/test_main.c:589: test_crc16_false_empty	[PASSED]
test/test_host/test_main.c:592: test_pll_500mhz	[PASSED]
test/test_host/test_main.c:593: test_pll_600mhz	[PASSED]
test/test_host/test_main.c:594: test_pll_400mhz	[PASSED]
test/test_host/test_main.c:595: test_pll_vdo_scale_high	[PASSED]
test/test_host/test_main.c:596: test_pll_vdo_scale_low	[PASSED]
test/test_host/test_main.c:597: test_pll_postdiv_byte	[PASSED]
test/test_host/test_main.c:600: test_job_slot_id_zero_maps_to_zero	[PASSED]
test/test_host/test_main.c:601: test_job_slot_id_below_table_size_maps_to_itself	[PASSED]
test/test_host/test_main.c:602: test_job_slot_wraps_at_table_size	[PASSED]
test/test_host/test_main.c:603: test_job_slot_step24_id_maps_correctly	[PASSED]
test/test_host/test_main.c:604: test_job_slot_max_wire_id	[PASSED]
test/test_host/test_main.c:605: test_job_slot_stale_matching_id_nonempty_accepted	[PASSED]
test/test_host/test_main.c:606: test_job_slot_stale_recycled_slot_rejected	[PASSED]
test/test_host/test_main.c:607: test_job_slot_stale_empty_slot_rejected	[PASSED]
test/test_host/test_main.c:608: test_job_slot_stale_id_match_but_slot_empty_rejected	[PASSED]
test/test_host/test_main.c:609: test_job_slot_at_wire_boundary_mod_rejected_upstream	[PASSED]
test/test_host/test_main.c:610: test_job_slot_stale_mismatch_rejected_regardless_of_work_content	[PASSED]
test/test_host/test_main.c:611: test_job_slot_all_stride24_ids_are_distinct_slots	[PASSED]
test/test_host/test_main.c:614: test_build_cmd_inactive	[PASSED]
test/test_host/test_main.c:615: test_build_cmd_read_chipid	[PASSED]
test/test_host/test_main.c:616: test_build_cmd_buffer_too_small	[PASSED]
test/test_host/test_main.c:617: test_build_job_size	[PASSED]
test/test_host/test_main.c:618: test_build_job_crc16	[PASSED]
test/test_host/test_main.c:619: test_extract_job_from_header	[PASSED]
test/test_host/test_main.c:620: test_parse_nonce_valid	[PASSED]
test/test_host/test_main.c:621: test_parse_nonce_bad_preamble	[PASSED]
test/test_host/test_main.c:622: test_parse_nonce_too_short	[PASSED]
test/test_host/test_main.c:623: test_decode_job_id	[PASSED]
test/test_host/test_main.c:624: test_decode_version_bits	[PASSED]
test/test_host/test_main.c:625: test_decode_version_bits_max	[PASSED]
test/test_host/test_main.c:628: test_asic_ticket_mask_diff_1	[PASSED]
test/test_host/test_main.c:629: test_asic_ticket_mask_diff_2	[PASSED]
test/test_host/test_main.c:630: test_asic_ticket_mask_diff_4	[PASSED]
test/test_host/test_main.c:631: test_asic_ticket_mask_diff_8	[PASSED]
test/test_host/test_main.c:632: test_asic_ticket_mask_diff_256	[PASSED]
test/test_host/test_main.c:633: test_asic_ticket_mask_diff_512	[PASSED]
test/test_host/test_main.c:634: test_asic_ticket_mask_diff_1024	[PASSED]
test/test_host/test_main.c:635: test_asic_ticket_mask_diff_2048	[PASSED]
test/test_host/test_main.c:636: test_asic_ticket_mask_diff_4096	[PASSED]
test/test_host/test_main.c:637: test_asic_ticket_mask_non_power_of_2_700	[PASSED]
test/test_host/test_main.c:638: test_asic_ticket_mask_non_power_of_2_513	[PASSED]
test/test_host/test_main.c:639: test_asic_ticket_mask_non_power_of_2_1000	[PASSED]
test/test_host/test_main.c:640: test_asic_ticket_mask_below_1	[PASSED]
test/test_host/test_main.c:641: test_asic_ticket_mask_very_small	[PASSED]
test/test_host/test_main.c:642: test_asic_ticket_mask_diff_16	[PASSED]
test/test_host/test_main.c:643: test_asic_ticket_mask_diff_32	[PASSED]
test/test_host/test_main.c:644: test_asic_ticket_mask_diff_64	[PASSED]
test/test_host/test_main.c:645: test_asic_ticket_mask_diff_128	[PASSED]
test/test_host/test_main.c:646: test_asic_ticket_mask_boundary_513_5	[PASSED]
test/test_host/test_main.c:647: test_asic_ticket_mask_boundary_512_1	[PASSED]
test/test_host/test_main.c:650: test_sw_backend_finds_block1_share	[PASSED]
test/test_host/test_main.c:651: test_sw_backend_early_reject_low_diff	[PASSED]
test/test_host/test_main.c:652: test_sw_backend_early_reject_high_diff	[PASSED]
test/test_host/test_main.c:653: test_mine_nonce_range_counts	[PASSED]
test/test_host/test_main.c:654: test_mine_nonce_range_stops_on_hit	[PASSED]
test/test_host/test_main.c:655: test_mine_result_has_version_hex	[PASSED]
test/test_host/test_main.c:656: test_mine_nonce_range_no_hit	[PASSED]
test/test_host/test_main.c:657: test_pack_target_word0_diff1	[PASSED]
test/test_host/test_main.c:658: test_pack_target_word0_easy_diff	[PASSED]
test/test_host/test_main.c:659: test_pack_target_word0_hard_diff	[PASSED]
test/test_host/test_main.c:660: test_build_block2_padding	[PASSED]
test/test_host/test_main.c:661: test_package_result_no_version_rolling	[PASSED]
test/test_host/test_main.c:662: test_package_result_version_rolling_submits_ver_bits	[PASSED]
test/test_host/test_main.c:664: test_package_result_round_trip_no_rolling	[PASSED]
test/test_host/test_main.c:665: test_package_result_round_trip_with_rolling	[PASSED]
test/test_host/test_main.c:668: test_format_submit_no_version	[PASSED]
test/test_host/test_main.c:669: test_format_submit_with_version	[PASSED]
test/test_host/test_main.c:670: test_format_submit_null_version	[PASSED]
test/test_host/test_main.c:671: test_format_submit_truncation	[PASSED]
test/test_host/test_main.c:672: test_format_request_basic	[PASSED]
test/test_host/test_main.c:673: test_format_request_truncation	[PASSED]
test/test_host/test_main.c:674: test_format_request_newline	[PASSED]
test/test_host/test_main.c:677: test_stratum_machine_build_configure	[PASSED]
test/test_host/test_main.c:678: test_stratum_machine_build_configure_truncation	[PASSED]
test/test_host/test_main.c:679: test_stratum_machine_build_subscribe	[PASSED]
test/test_host/test_main.c:680: test_stratum_machine_build_subscribe_truncation	[PASSED]
test/test_host/test_main.c:681: test_stratum_machine_build_authorize	[PASSED]
test/test_host/test_main.c:682: test_stratum_machine_build_authorize_different_values	[PASSED]
test/test_host/test_main.c:683: test_stratum_machine_build_authorize_truncation	[PASSED]
test/test_host/test_main.c:684: test_stratum_machine_build_keepalive	[PASSED]
test/test_host/test_main.c:685: test_stratum_machine_build_keepalive_small_difficulty	[PASSED]
test/test_host/test_main.c:686: test_stratum_machine_build_keepalive_large_difficulty	[PASSED]
test/test_host/test_main.c:687: test_stratum_machine_build_keepalive_truncation	[PASSED]
test/test_host/test_main.c:689: test_handle_configure_result_golden	[PASSED]
test/test_host/test_main.c:690: test_handle_configure_result_missing_field	[PASSED]
test/test_host/test_main.c:691: test_handle_configure_result_pool_not_supported	[PASSED]
test/test_host/test_main.c:692: test_handle_subscribe_result_golden	[PASSED]
test/test_host/test_main.c:693: test_handle_subscribe_result_too_long_extranonce1	[PASSED]
test/test_host/test_main.c:694: test_handle_subscribe_result_invalid_no_extranonce	[PASSED]
test/test_host/test_main.c:695: test_handle_set_difficulty_1	[PASSED]
test/test_host/test_main.c:696: test_handle_set_difficulty_65536	[PASSED]
test/test_host/test_main.c:697: test_handle_set_difficulty_fractional	[PASSED]
test/test_host/test_main.c:698: test_handle_set_difficulty_zero_rejected	[PASSED]
test/test_host/test_main.c:699: test_handle_set_difficulty_negative_rejected	[PASSED]
test/test_host/test_main.c:700: test_handle_set_difficulty_nan_rejected	[PASSED]
test/test_host/test_main.c:701: test_handle_notify_golden	[PASSED]
test/test_host/test_main.c:702: test_handle_notify_clean_jobs_false	[PASSED]
test/test_host/test_main.c:703: test_handle_notify_invalid_too_few_fields	[PASSED]
test/test_host/test_main.c:704: test_handle_notify_wrong_type_for_version	[PASSED]
test/test_host/test_main.c:705: test_handle_notify_ta186_non_monotonic_job_id	[PASSED]
test/test_host/test_main.c:706: test_subscribe_then_notify_work_seq_unchanged	[PASSED]
test/test_host/test_main.c:708: test_build_work_null_state	[PASSED]
test/test_host/test_main.c:709: test_build_work_null_output	[PASSED]
test/test_host/test_main.c:710: test_build_work_happy_path	[PASSED]
test/test_host/test_main.c:711: test_build_work_with_version_mask	[PASSED]
test/test_host/test_main.c:712: test_build_work_increments_seq_multiple_times	[PASSED]
test/test_host/test_main.c:713: test_build_work_with_varying_extranonce2	[PASSED]
test/test_host/test_main.c:714: test_build_work_with_small_extranonce2_size	[PASSED]
test/test_host/test_main.c:716: test_classify_reject_job_not_found	[PASSED]
test/test_host/test_main.c:717: test_classify_reject_duplicate	[PASSED]
test/test_host/test_main.c:718: test_classify_reject_low_difficulty	[PASSED]
test/test_host/test_main.c:719: test_classify_reject_stale_prevhash	[PASSED]
test/test_host/test_main.c:720: test_classify_reject_unknown_code_24	[PASSED]
test/test_host/test_main.c:721: test_classify_reject_unknown_code_26	[PASSED]
test/test_host/test_main.c:722: test_classify_reject_unknown_code_99	[PASSED]
test/test_host/test_main.c:723: test_classify_reject_unknown_code_negative_one	[PASSED]
test/test_host/test_main.c:724: test_classify_reject_unknown_code_zero	[PASSED]
test/test_host/test_main.c:725: test_classify_reject_round_trip_array_job_not_found	[PASSED]
test/test_host/test_main.c:726: test_classify_reject_round_trip_array_duplicate	[PASSED]
test/test_host/test_main.c:727: test_classify_reject_round_trip_array_low_difficulty	[PASSED]
test/test_host/test_main.c:728: test_classify_reject_round_trip_array_stale_prevhash	[PASSED]
test/test_host/test_main.c:729: test_classify_reject_round_trip_object_job_not_found	[PASSED]
test/test_host/test_main.c:730: test_classify_reject_round_trip_object_duplicate	[PASSED]
test/test_host/test_main.c:731: test_classify_reject_round_trip_missing_code	[PASSED]
test/test_host/test_main.c:732: test_classify_reject_round_trip_null_error	[PASSED]
test/test_host/test_main.c:734: test_build_configure_null_buf	[PASSED]
test/test_host/test_main.c:735: test_build_configure_zero_size	[PASSED]
test/test_host/test_main.c:736: test_build_subscribe_null_buf	[PASSED]
test/test_host/test_main.c:737: test_build_subscribe_zero_size	[PASSED]
test/test_host/test_main.c:738: test_build_authorize_null_buf	[PASSED]
test/test_host/test_main.c:739: test_build_authorize_zero_size	[PASSED]
test/test_host/test_main.c:740: test_build_authorize_null_wallet	[PASSED]
test/test_host/test_main.c:741: test_build_authorize_null_worker	[PASSED]
test/test_host/test_main.c:742: test_build_authorize_null_pass	[PASSED]
test/test_host/test_main.c:743: test_build_keepalive_null_buf	[PASSED]
test/test_host/test_main.c:744: test_build_keepalive_zero_size	[PASSED]
test/test_host/test_main.c:745: test_handle_configure_null_state	[PASSED]
test/test_host/test_main.c:746: test_handle_configure_null_result	[PASSED]
test/test_host/test_main.c:747: test_handle_subscribe_null_state	[PASSED]
test/test_host/test_main.c:748: test_handle_subscribe_null_result	[PASSED]
test/test_host/test_main.c:749: test_handle_subscribe_missing_extranonce_field	[PASSED]
test/test_host/test_main.c:750: test_handle_set_difficulty_null_state	[PASSED]
test/test_host/test_main.c:751: test_handle_set_difficulty_null_params	[PASSED]
test/test_host/test_main.c:752: test_handle_set_difficulty_not_array	[PASSED]
test/test_host/test_main.c:753: test_handle_set_difficulty_empty_array	[PASSED]
test/test_host/test_main.c:754: test_handle_set_difficulty_wrong_type	[PASSED]
test/test_host/test_main.c:755: test_handle_notify_null_state	[PASSED]
test/test_host/test_main.c:756: test_handle_notify_null_params	[PASSED]
test/test_host/test_main.c:757: test_handle_notify_missing_field_at_index_0	[PASSED]
test/test_host/test_main.c:760: test_parse_error_code_array_form_21	[PASSED]
test/test_host/test_main.c:761: test_parse_error_code_array_form_23	[PASSED]
test/test_host/test_main.c:762: test_parse_error_code_object_form_22	[PASSED]
test/test_host/test_main.c:763: test_parse_error_code_object_form_25	[PASSED]
test/test_host/test_main.c:764: test_parse_error_code_empty_array	[PASSED]
test/test_host/test_main.c:765: test_parse_error_code_null	[PASSED]
test/test_host/test_main.c:766: test_parse_error_code_non_numeric_array_first	[PASSED]
test/test_host/test_main.c:767: test_parse_error_code_no_code_field	[PASSED]
test/test_host/test_main.c:770: test_ema_seeds_on_first_sample	[PASSED]
test/test_host/test_main.c:771: test_ema_converges	[PASSED]
test/test_host/test_main.c:772: test_ema_decay	[PASSED]
test/test_host/test_main.c:773: test_hash_to_difficulty_leading_zeros	[PASSED]
test/test_host/test_main.c:774: test_hash_to_difficulty_diff1	[PASSED]
test/test_host/test_main.c:775: test_hash_to_difficulty_easy	[PASSED]
test/test_host/test_main.c:776: test_hash_to_difficulty_six_zeros	[PASSED]
test/test_host/test_main.c:777: test_best_diff_only_increases	[PASSED]
test/test_host/test_main.c:780: test_difficulty_to_target_nan	[PASSED]
test/test_host/test_main.c:781: test_difficulty_to_target_inf	[PASSED]
test/test_host/test_main.c:782: test_difficulty_to_target_neg_inf	[PASSED]
test/test_host/test_main.c:783: test_difficulty_to_target_negative	[PASSED]
test/test_host/test_main.c:784: test_difficulty_to_target_zero	[PASSED]
test/test_host/test_main.c:785: test_difficulty_to_target_tiny	[PASSED]
test/test_host/test_main.c:786: test_difficulty_to_target_normal	[PASSED]
test/test_host/test_main.c:787: test_is_target_valid_all_zero	[PASSED]
test/test_host/test_main.c:788: test_is_target_valid_all_ff	[PASSED]
test/test_host/test_main.c:789: test_is_target_valid_nonzero_msb31	[PASSED]
test/test_host/test_main.c:790: test_is_target_valid_nonzero_msb30	[PASSED]
test/test_host/test_main.c:791: test_is_target_valid_diff1	[PASSED]
test/test_host/test_main.c:792: test_is_target_valid_diff512	[PASSED]
test/test_host/test_main.c:793: test_is_target_valid_diff_001	[PASSED]
test/test_host/test_main.c:796: test_bm1368_pll_fb_range	[PASSED]
test/test_host/test_main.c:797: test_bm1368_pll_490mhz	[PASSED]
test/test_host/test_main.c:798: test_bm1368_pll_vdo_scale	[PASSED]
test/test_host/test_main.c:799: test_asic_ticket_mask_256_bm1368	[PASSED]
test/test_host/test_main.c:802: test_ulinear16_typical_vout	[PASSED]
test/test_host/test_main.c:803: test_ulinear16_zero	[PASSED]
test/test_host/test_main.c:804: test_slinear11_positive_exp_neg	[PASSED]
test/test_host/test_main.c:805: test_slinear11_negative_mantissa	[PASSED]
test/test_host/test_main.c:806: test_slinear11_zero_mantissa	[PASSED]
test/test_host/test_main.c:809: test_curve_below_lower_bound	[PASSED]
test/test_host/test_main.c:810: test_curve_at_lower_bound	[PASSED]
test/test_host/test_main.c:811: test_curve_mid_segment_one	[PASSED]
test/test_host/test_main.c:812: test_curve_at_60c	[PASSED]
test/test_host/test_main.c:813: test_curve_mid_segment_two	[PASSED]
test/test_host/test_main.c:814: test_curve_at_75c	[PASSED]
test/test_host/test_main.c:815: test_curve_mid_segment_three	[PASSED]
test/test_host/test_main.c:816: test_curve_at_upper_bound	[PASSED]
test/test_host/test_main.c:817: test_curve_above_upper_bound	[PASSED]
test/test_host/test_main.c:818: test_curve_negative_temp	[PASSED]
test/test_host/test_main.c:819: test_curve_very_high_temp	[PASSED]
test/test_host/test_main.c:820: test_curve_monotonic	[PASSED]
test/test_host/test_main.c:823: test_ota_io_authorize_pending_arms_timer	[PASSED]
test/test_host/test_main.c:824: test_ota_io_authorize_not_pending_no_timer	[PASSED]
test/test_host/test_main.c:825: test_ota_io_authorize_idempotent	[PASSED]
test/test_host/test_main.c:826: test_ota_io_share_accepted_armed_marks_valid_first_share	[PASSED]
test/test_host/test_main.c:827: test_ota_io_share_accepted_no_pending_noop	[PASSED]
test/test_host/test_main.c:828: test_ota_io_share_accepted_after_first_idempotent	[PASSED]
test/test_host/test_main.c:829: test_ota_io_timer_fires_marks_valid_sustained	[PASSED]
test/test_host/test_main.c:830: test_ota_io_timer_create_failure_no_start	[PASSED]
test/test_host/test_main.c:833: test_ota_validator_init	[PASSED]
test/test_host/test_main.c:834: test_ota_validator_on_stratum_authorized_not_pending	[PASSED]
test/test_host/test_main.c:835: test_ota_validator_on_stratum_authorized_pending_first_time	[PASSED]
test/test_host/test_main.c:836: test_ota_validator_on_stratum_authorized_pending_already_armed	[PASSED]
test/test_host/test_main.c:837: test_ota_validator_on_share_accepted_not_pending	[PASSED]
test/test_host/test_main.c:838: test_ota_validator_on_share_accepted_pending_with_armed_timer	[PASSED]
test/test_host/test_main.c:839: test_ota_validator_on_share_accepted_pending_without_timer	[PASSED]
test/test_host/test_main.c:840: test_ota_validator_on_timer_fired_not_pending	[PASSED]
test/test_host/test_main.c:841: test_ota_validator_on_timer_fired_pending	[PASSED]
test/test_host/test_main.c:842: test_ota_validator_happy_path_share_accepted	[PASSED]
test/test_host/test_main.c:843: test_ota_validator_happy_path_timeout	[PASSED]
test/test_host/test_main.c:846: test_asic_pause_idle_when_not_pending_and_not_quiesced	[PASSED]
test/test_host/test_main.c:847: test_asic_pause_first_pause_quiesces_and_acks	[PASSED]
test/test_host/test_main.c:848: test_asic_pause_second_pause_only_acks	[PASSED]
test/test_host/test_main.c:849: test_asic_pause_resume_when_clear_and_quiesced	[PASSED]
test/test_host/test_main.c:850: test_asic_pause_full_check_install_resume_sequence	[PASSED]
test/test_host/test_main.c:853: test_init_stores_ops_and_inits_state	[PASSED]
test/test_host/test_main.c:854: test_pause_happy_path	[PASSED]
test/test_host/test_main.c:855: test_pause_mutex_timeout	[PASSED]
test/test_host/test_main.c:856: test_pause_ack_timeout	[PASSED]
test/test_host/test_main.c:857: test_resume_happy_path	[PASSED]
test/test_host/test_main.c:858: test_resume_after_pause_check_normal	[PASSED]
test/test_host/test_main.c:859: test_resume_without_active_no_done_signal	[PASSED]
test/test_host/test_main.c:860: test_pause_check_no_request_returns_false	[PASSED]
test/test_host/test_main.c:861: test_pause_check_request_normal_resume	[PASSED]
test/test_host/test_main.c:862: test_pause_check_done_timeout_TA277	[PASSED]
test/test_host/test_main.c:863: test_concurrent_pause_serialized_via_mutex	[PASSED]
test/test_host/test_main.c:866: test_mining_pause_state_init	[PASSED]
test/test_host/test_main.c:867: test_mining_pause_state_request	[PASSED]
test/test_host/test_main.c:868: test_mining_pause_state_on_check_not_requested	[PASSED]
test/test_host/test_main.c:869: test_mining_pause_state_on_check_requested	[PASSED]
test/test_host/test_main.c:870: test_mining_pause_state_on_resume_when_active	[PASSED]
test/test_host/test_main.c:871: test_mining_pause_state_on_resume_when_not_active	[PASSED]
test/test_host/test_main.c:872: test_mining_pause_state_on_resumed	[PASSED]
test/test_host/test_main.c:873: test_mining_pause_state_on_ack_timeout	[PASSED]
test/test_host/test_main.c:874: test_mining_pause_state_on_done_timeout	[PASSED]
test/test_host/test_main.c:875: test_mining_pause_state_full_happy_path	[PASSED]
test/test_host/test_main.c:876: test_mining_pause_state_resume_before_check	[PASSED]
test/test_host/test_main.c:879: test_nonce_dedup_fresh_state_has_no_dups	[PASSED]
test/test_host/test_main.c:880: test_nonce_dedup_immediate_redundant_insert_returns_true	[PASSED]
test/test_host/test_main.c:881: test_nonce_dedup_different_job_id_is_not_dup	[PASSED]
test/test_host/test_main.c:882: test_nonce_dedup_different_nonce_is_not_dup	[PASSED]
test/test_host/test_main.c:883: test_nonce_dedup_different_ver_is_not_dup	[PASSED]
test/test_host/test_main.c:884: test_nonce_dedup_ring_wraparound_evicts_oldest	[PASSED]
test/test_host/test_main.c:885: test_nonce_dedup_reset_clears_all	[PASSED]
test/test_host/test_main.c:886: test_nonce_dedup_next_idx_advances_cyclically	[PASSED]
test/test_host/test_main.c:889: test_asic_share_validate_null_work	[PASSED]
test/test_host/test_main.c:890: test_asic_share_validate_null_out_difficulty	[PASSED]
test/test_host/test_main.c:891: test_asic_share_validate_null_out_hash	[PASSED]
test/test_host/test_main.c:892: test_asic_share_validate_happy_path_easy_share	[PASSED]
test/test_host/test_main.c:893: test_asic_share_validate_below_target	[PASSED]
test/test_host/test_main.c:894: test_asic_share_validate_invalid_target_all_ff	[PASSED]
test/test_host/test_main.c:895: test_asic_share_validate_low_difficulty_sanity	[PASSED]
test/test_host/test_main.c:896: test_asic_share_validate_version_rolling_applied	[PASSED]
test/test_host/test_main.c:897: test_asic_share_validate_nonce_patching_position	[PASSED]
test/test_host/test_main.c:900: test_avg_nan_safe_empty_all_nan	[PASSED]
test/test_host/test_main.c:901: test_avg_nan_safe_single_value	[PASSED]
test/test_host/test_main.c:902: test_avg_nan_safe_partial_nan	[PASSED]
test/test_host/test_main.c:903: test_avg_nan_safe_all_populated	[PASSED]
test/test_host/test_main.c:904: test_update_warmup_1m	[PASSED]
test/test_host/test_main.c:905: test_update_full_1m_window	[PASSED]
test/test_host/test_main.c:906: test_update_step_change	[PASSED]
test/test_host/test_main.c:907: test_update_ring_wraparound	[PASSED]
test/test_host/test_main.c:908: test_update_10m_blend_formula	[PASSED]
test/test_host/test_main.c:909: test_update_1h_accumulation	[PASSED]
test/test_host/test_main.c:910: test_update_with_zero_samples	[PASSED]
test/test_host/test_main.c:911: test_update_mixed_values	[PASSED]
test/test_host/test_main.c:914: test_stratum_backoff_init	[PASSED]
test/test_host/test_main.c:915: test_stratum_backoff_first_fail_sleeps_initial_then_doubles	[PASSED]
test/test_host/test_main.c:916: test_stratum_backoff_progression_to_kick	[PASSED]
test/test_host/test_main.c:917: test_stratum_backoff_caps_at_60s	[PASSED]
test/test_host/test_main.c:918: test_stratum_backoff_reset_on_success	[PASSED]
test/test_host/test_main.c:919: test_stratum_backoff_post_kick_restarts_clean	[PASSED]
test/test_host/test_main.c:922: test_drop_detect_accepts_below_sanity	[PASSED]
test/test_host/test_main.c:923: test_drop_detect_rejects_at_or_above_sanity	[PASSED]
test/test_host/test_main.c:924: test_drop_detect_first_warn_fires_immediately	[PASSED]
test/test_host/test_main.c:925: test_drop_detect_warn_cooldown_suppresses	[PASSED]
test/test_host/test_main.c:926: test_drop_detect_warn_after_cooldown_elapsed	[PASSED]
test/test_host/test_main.c:927: test_drop_detect_domain_smaller_cap	[PASSED]
test/test_host/test_main.c:928: test_drop_detect_zero_cooldown_always_warns	[PASSED]
test/test_host/test_main.c:931: test_drop_log_empty_snapshot	[PASSED]
test/test_host/test_main.c:932: test_drop_log_single_push_readback	[PASSED]
test/test_host/test_main.c:933: test_drop_log_fill_to_cap_newest_first	[PASSED]
test/test_host/test_main.c:934: test_drop_log_wrap_drops_oldest	[PASSED]
test/test_host/test_main.c:935: test_drop_log_total_written_monotonic	[PASSED]
test/test_host/test_main.c:936: test_drop_log_max_out_smaller_than_cap	[PASSED]
test/test_host/test_main.c:939: test_chip_routing_single_chip_addr_zero	[PASSED]
test/test_host/test_main.c:940: test_chip_routing_single_chip_any_addr_returns_zero	[PASSED]
test/test_host/test_main.c:941: test_chip_routing_two_chip_addr_zero	[PASSED]
test/test_host/test_main.c:942: test_chip_routing_two_chip_addr_below_boundary	[PASSED]
test/test_host/test_main.c:943: test_chip_routing_two_chip_addr_at_boundary	[PASSED]
test/test_host/test_main.c:944: test_chip_routing_two_chip_addr_top	[PASSED]
test/test_host/test_main.c:945: test_chip_routing_four_chips	[PASSED]
test/test_host/test_main.c:946: test_chip_routing_invalid_chip_count_zero	[PASSED]
test/test_host/test_main.c:947: test_chip_routing_invalid_chip_count_negative	[PASSED]
test/test_host/test_main.c:948: test_chip_routing_invalid_chip_count_too_large	[PASSED]
test/test_host/test_main.c:951: test_pfd_skip_when_expected_empty	[PASSED]
test/test_host/test_main.c:952: test_pfd_skip_when_expected_too_short	[PASSED]
test/test_host/test_main.c:953: test_pfd_skip_when_live_unreadable	[PASSED]
test/test_host/test_main.c:954: test_pfd_skip_when_table_matches	[PASSED]
test/test_host/test_main.c:955: test_pfd_rewrite_only_when_running_at_correct_addr	[PASSED]
test/test_host/test_main.c:956: test_pfd_copy_and_rewrite_when_running_at_wrong_addr	[PASSED]
test/test_host/test_main.c:957: test_pfd_running_addr_zero_treated_as_wrong	[PASSED]
test/test_host/test_main.c:960: test_knot_table_upsert_empty_slot	[PASSED]
test/test_host/test_main.c:961: test_knot_table_upsert_update_existing	[PASSED]
test/test_host/test_main.c:962: test_knot_table_upsert_table_full	[PASSED]
test/test_host/test_main.c:963: test_knot_table_upsert_evicts_same_hostname	[PASSED]
test/test_host/test_main.c:964: test_knot_table_remove_existing	[PASSED]
test/test_host/test_main.c:965: test_knot_table_remove_missing	[PASSED]
test/test_host/test_main.c:966: test_knot_table_prune_stale_entries	[PASSED]
test/test_host/test_main.c:967: test_knot_table_snapshot	[PASSED]
test/test_host/test_main.c:968: test_knot_table_snapshot_cap	[PASSED]
test/test_host/test_main.c:969: test_knot_table_apply_txt	[PASSED]
test/test_host/test_main.c:970: test_knot_table_null_guards	[PASSED]
test/test_host/test_main.c:973: test_stats_happy_path	[PASSED]
test/test_host/test_main.c:974: test_stats_zeroed	[PASSED]
test/test_host/test_main.c:975: test_stats_no_share_yet	[PASSED]
test/test_host/test_main.c:976: test_pool_disconnected	[PASSED]
test/test_host/test_main.c:977: test_pool_connected_with_notify	[PASSED]
test/test_host/test_main.c:978: test_pool_version_mask_zero	[PASSED]
test/test_host/test_main.c:979: test_diag_asic_empty	[PASSED]
test/test_host/test_main.c:980: test_diag_asic_three_events	[PASSED]
test/test_host/test_main.c:981: test_diag_asic_future_ts_clamps_to_zero	[PASSED]
test/test_host/test_main.c:982: test_knot_empty	[PASSED]
test/test_host/test_main.c:983: test_knot_two_peers	[PASSED]
test/test_host/test_main.c:984: test_settings_happy_path	[PASSED]
test/test_host/test_main.c:985: test_settings_empty_optional_fields	[PASSED]
test/test_host/test_main.c:988: test_power_all_sensors_populated	[PASSED]
test/test_host/test_main.c:989: test_power_all_sensors_null	[PASSED]
test/test_host/test_main.c:990: test_power_efficiency_null_when_hashrate_zero	[PASSED]
test/test_host/test_main.c:991: test_power_efficiency_null_when_pcore_zero	[PASSED]
test/test_host/test_main.c:992: test_power_vin_low_true	[PASSED]
test/test_host/test_main.c:993: test_power_vin_low_false_above_threshold	[PASSED]
test/test_host/test_main.c:994: test_power_vin_low_false_at_threshold	[PASSED]
test/test_host/test_main.c:995: test_power_vcore_null_others_populated	[PASSED]
test/test_host/test_main.c:996: test_power_icore_null	[PASSED]
test/test_host/test_main.c:997: test_power_board_temp_null	[PASSED]
test/test_host/test_main.c:998: test_power_vr_temp_null	[PASSED]
test/test_host/test_main.c:999: test_fan_both_populated	[PASSED]
test/test_host/test_main.c:1000: test_fan_rpm_null	[PASSED]
test/test_host/test_main.c:1001: test_fan_duty_null	[PASSED]
test/test_host/test_main.c:1002: test_fan_both_null	[PASSED]
test/test_host/test_main.c:1003: test_stats_asic_total_valid_true	[PASSED]
test/test_host/test_main.c:1004: test_stats_asic_total_valid_false	[PASSED]
test/test_host/test_main.c:1005: test_stats_expected_ghs_populated	[PASSED]
test/test_host/test_main.c:1006: test_stats_expected_ghs_null_when_freq_zero	[PASSED]
test/test_host/test_main.c:1007: test_stats_freq_cfg_negative_emits_null	[PASSED]
test/test_host/test_main.c:1008: test_stats_chip_array_two_chips	[PASSED]
test/test_host/test_main.c:1009: test_stats_chip_array_empty	[PASSED]
test/test_host/test_main.c:1010: test_stats_last_drop_null_when_zero	[PASSED]
test/test_host/test_main.c:1011: test_stats_last_drop_nonzero_computes_age	[PASSED]
test/test_host/test_main.c:1014: test_stratum_watchdog_job_drought_never_observed	[PASSED]
test/test_host/test_main.c:1015: test_stratum_watchdog_job_drought_below_threshold	[PASSED]
test/test_host/test_main.c:1016: test_stratum_watchdog_job_drought_at_threshold	[PASSED]
test/test_host/test_main.c:1017: test_stratum_watchdog_job_drought_above_threshold	[PASSED]
test/test_host/test_main.c:1018: test_stratum_watchdog_job_drought_wraparound	[PASSED]
test/test_host/test_main.c:1019: test_stratum_watchdog_share_drought_both_zero	[PASSED]
test/test_host/test_main.c:1020: test_stratum_watchdog_share_drought_only_last_share_below_threshold	[PASSED]
test/test_host/test_main.c:1021: test_stratum_watchdog_share_drought_session_start_at_threshold	[PASSED]
test/test_host/test_main.c:1022: test_stratum_watchdog_share_drought_only_last_share_above_threshold	[PASSED]
test/test_host/test_main.c:1023: test_stratum_watchdog_share_drought_prefers_last_share	[PASSED]
test/test_host/test_main.c:1024: test_stratum_watchdog_share_drought_falls_back_to_session_start	[PASSED]
test/test_host/test_main.c:1025: test_stratum_watchdog_share_drought_last_share_overrides_old_session	[PASSED]
test/test_host/test_main.c:1026: test_stratum_watchdog_keepalive_never_transmitted	[PASSED]
test/test_host/test_main.c:1027: test_stratum_watchdog_keepalive_below_threshold	[PASSED]
test/test_host/test_main.c:1028: test_stratum_watchdog_keepalive_at_threshold	[PASSED]
test/test_host/test_main.c:1029: test_stratum_watchdog_keepalive_above_threshold	[PASSED]
test/test_host/test_main.c:1030: test_stratum_watchdog_keepalive_wraparound	[PASSED]
----------------- native:test_host [PASSED] Took 0.58 seconds -----------------

=================================== SUMMARY ===================================
Environment    Test       Status    Duration
-------------  ---------  --------  ------------
native         test_host  PASSED    00:00:00.576
================ 433 test cases: 433 succeeded in 00:00:00.576 ================
